{"name":"t5 (original)","map":0.5,"recip_rank":0.5,"P_10":0.1,"ndcg_cut_10":0.6309297536,"map +":null,"map -":null,"map p-value":null,"map reject":false,"map p-value corrected":null,"recip_rank +":null,"recip_rank -":null,"recip_rank p-value":null,"recip_rank reject":false,"recip_rank p-value corrected":null,"P_10 +":null,"P_10 -":null,"P_10 p-value":null,"P_10 reject":false,"P_10 p-value corrected":null,"ndcg_cut_10 +":null,"ndcg_cut_10 -":null,"ndcg_cut_10 p-value":null,"ndcg_cut_10 reject":false,"ndcg_cut_10 p-value corrected":null}
{"name":"t5 (best_case)","map":1.0,"recip_rank":1.0,"P_10":0.1,"ndcg_cut_10":1.0,"map +":1.0,"map -":0.0,"map p-value":null,"map reject":false,"map p-value corrected":null,"recip_rank +":1.0,"recip_rank -":0.0,"recip_rank p-value":null,"recip_rank reject":false,"recip_rank p-value corrected":null,"P_10 +":0.0,"P_10 -":0.0,"P_10 p-value":null,"P_10 reject":false,"P_10 p-value corrected":null,"ndcg_cut_10 +":1.0,"ndcg_cut_10 -":0.0,"ndcg_cut_10 p-value":null,"ndcg_cut_10 reject":false,"ndcg_cut_10 p-value corrected":null}
{"name":"t5 (worst_case)","map":0.3333333333,"recip_rank":0.3333333333,"P_10":0.1,"ndcg_cut_10":0.5,"map +":0.0,"map -":1.0,"map p-value":null,"map reject":false,"map p-value corrected":null,"recip_rank +":0.0,"recip_rank -":1.0,"recip_rank p-value":null,"recip_rank reject":false,"recip_rank p-value corrected":null,"P_10 +":0.0,"P_10 -":0.0,"P_10 p-value":null,"P_10 reject":false,"P_10 p-value corrected":null,"ndcg_cut_10 +":0.0,"ndcg_cut_10 -":1.0,"ndcg_cut_10 p-value":null,"ndcg_cut_10 reject":false,"ndcg_cut_10 p-value corrected":null}
