{"name":"original","map":0.8333333333,"ndcg_cut_10":0.9197207891,"P_10":0.2}
{"name":"best_case","map":1.0,"ndcg_cut_10":1.0,"P_10":0.2}
{"name":"worst_case","map":0.5833333333,"ndcg_cut_10":0.6934264036,"P_10":0.2}
