{"qid":"1","Q0":0,"docno":"doc-1","rank":1,"score":0.87,"system":"double_best_case"}
{"qid":"1","Q0":0,"docno":"doc-3","rank":2,"score":0.79,"system":"double_best_case"}
{"qid":"1","Q0":0,"docno":"doc-2","rank":3,"score":0.78,"system":"double_best_case"}
